// Jest Snapshot v1, https://goo.gl/fbAQLP

exports[`<TextBox /> rendering renders correctly 1`] = `
<TextInput
  allowFontScaling={true}
  onChange={[Function]}
  style={
    Object {
      "backgroundColor": "grey",
    }
  }
  value=""
/>
`;
